2025-09-08 19:10:17,323 [INFO] Activator:177 - 


2025-09-08 19:10:17,323 [INFO] Activator:178 - !SESSION log4j initialized
2025-09-08 19:10:20,762 [INFO] McuFinderGlobals:39 - Set McuFinder mode to 2 (CubeIDE integrated)
2025-09-08 19:10:20,826 [INFO] ApplicationProperties:181 - Using Application install path: D:\STM32CubeIDE_1.7.0\STM32CubeIDE\plugins\com.st.stm32cube.common.mx_6.3.0.202107141111
2025-09-08 19:10:20,831 [INFO] DbMcusXml:74 - Set database path to: D:\STM32CubeIDE_1.7.0\STM32CubeIDE\plugins\com.st.stm32cube.common.mx_6.3.0.202107141111\\db\/mcu/
2025-09-08 19:10:20,833 [INFO] DbBoardsPdsc:56 - Set plugin database path to: D:\STM32CubeIDE_1.7.0\STM32CubeIDE\plugins\com.st.stm32cube.common.mx_6.3.0.202107141111\\db\/plugins/boardmanager/
2025-09-08 19:10:20,834 [INFO] DbMcus:258 - Set plugin images path to: D:\STM32CubeIDE_1.7.0\STM32CubeIDE\plugins\com.st.stm32cube.common.mx_6.3.0.202107141111\\db\/plugins/mcufinder/images/
2025-09-08 19:10:20,834 [INFO] DbBoards:264 - Set plugin images path to: D:\STM32CubeIDE_1.7.0\STM32CubeIDE\plugins\com.st.stm32cube.common.mx_6.3.0.202107141111\\db\/plugins/mcufinder/images/
2025-09-08 19:10:20,835 [INFO] DbExamples:333 - Set plugin images path to: D:\STM32CubeIDE_1.7.0\STM32CubeIDE\plugins\com.st.stm32cube.common.mx_6.3.0.202107141111\\db\/plugins/mcufinder/images/
2025-09-08 19:10:20,837 [INFO] DbMcusAds:119 - Set database path to: C:\Users\tri\.stmcufinder\plugins\mcufinder//mcu/
2025-09-08 19:10:20,837 [INFO] DbMcusDocs:110 - Set database path to: C:\Users\tri\.stmcufinder\plugins\mcufinder//mcu/
2025-09-08 19:10:20,838 [INFO] DbMcusJson:64 - Set database path to: C:\Users\tri\.stmcufinder\plugins\mcufinder//mcu/
2025-09-08 19:10:20,839 [INFO] DbBoardsDocs:110 - Set database path to: C:\Users\tri\.stmcufinder\plugins\mcufinder//mcu/
2025-09-08 19:10:20,839 [INFO] DbBoardsJson:57 - Set database path to: C:\Users\tri\.stmcufinder\plugins\mcufinder//mcu/
2025-09-08 19:10:21,779 [INFO] CrossReferenceDbSqlite:196 - Set database path to: C:\Users\tri\.stmcufinder\plugins\mcufinder//mcu/cs/
2025-09-08 19:10:21,782 [INFO] DbExamplesSqlite:767 - Set database path to: C:\Users\tri\.stmcufinder\plugins\mcufinder//mcu/
2025-09-08 19:10:21,828 [INFO] RulesReader:57 - Compatibility file has been processed (242 Rules)
2025-09-08 19:10:21,870 [INFO] DbMcusXml:74 - Set database path to: D:\STM32CubeIDE_1.7.0\STM32CubeIDE\plugins\com.st.stm32cube.common.mx_6.3.0.202107141111\\db\/mcu/
2025-09-08 19:10:21,870 [INFO] DbBoardsPdsc:56 - Set plugin database path to: D:\STM32CubeIDE_1.7.0\STM32CubeIDE\plugins\com.st.stm32cube.common.mx_6.3.0.202107141111\\db\/plugins/boardmanager/
2025-09-08 19:10:21,870 [INFO] DbMcus:258 - Set plugin images path to: D:\STM32CubeIDE_1.7.0\STM32CubeIDE\plugins\com.st.stm32cube.common.mx_6.3.0.202107141111\\db\/plugins/mcufinder/images/
2025-09-08 19:10:21,870 [INFO] DbBoards:264 - Set plugin images path to: D:\STM32CubeIDE_1.7.0\STM32CubeIDE\plugins\com.st.stm32cube.common.mx_6.3.0.202107141111\\db\/plugins/mcufinder/images/
2025-09-08 19:10:21,871 [INFO] DbExamples:333 - Set plugin images path to: D:\STM32CubeIDE_1.7.0\STM32CubeIDE\plugins\com.st.stm32cube.common.mx_6.3.0.202107141111\\db\/plugins/mcufinder/images/
2025-09-08 19:10:21,871 [WARN] DbFile:35 - Overriding database path with different value: C:\Users\tri\.stmcufinder\plugins\mcufinder/ => C:\Users\tri\.stmcufinder\plugins\mcufinder
2025-09-08 19:10:21,871 [INFO] DbMcusAds:119 - Set database path to: C:\Users\tri\.stmcufinder\plugins\mcufinder//mcu/
2025-09-08 19:10:21,871 [WARN] DbFile:35 - Overriding database path with different value: C:\Users\tri\.stmcufinder\plugins\mcufinder/ => C:\Users\tri\.stmcufinder\plugins\mcufinder
2025-09-08 19:10:21,871 [INFO] DbMcusDocs:110 - Set database path to: C:\Users\tri\.stmcufinder\plugins\mcufinder//mcu/
2025-09-08 19:10:21,871 [WARN] DbFile:35 - Overriding database path with different value: C:\Users\tri\.stmcufinder\plugins\mcufinder/ => C:\Users\tri\.stmcufinder\plugins\mcufinder
2025-09-08 19:10:21,871 [INFO] DbMcusJson:64 - Set database path to: C:\Users\tri\.stmcufinder\plugins\mcufinder//mcu/
2025-09-08 19:10:21,871 [WARN] DbFile:35 - Overriding database path with different value: C:\Users\tri\.stmcufinder\plugins\mcufinder/ => C:\Users\tri\.stmcufinder\plugins\mcufinder
2025-09-08 19:10:21,871 [INFO] DbBoardsDocs:110 - Set database path to: C:\Users\tri\.stmcufinder\plugins\mcufinder//mcu/
2025-09-08 19:10:21,871 [WARN] DbFile:35 - Overriding database path with different value: C:\Users\tri\.stmcufinder\plugins\mcufinder/ => C:\Users\tri\.stmcufinder\plugins\mcufinder
2025-09-08 19:10:21,871 [INFO] DbBoardsJson:57 - Set database path to: C:\Users\tri\.stmcufinder\plugins\mcufinder//mcu/
2025-09-08 19:10:21,871 [WARN] DbFile:35 - Overriding database path with different value: C:\Users\tri\.stmcufinder\plugins\mcufinder/ => C:\Users\tri\.stmcufinder\plugins\mcufinder
2025-09-08 19:10:21,871 [WARN] DbFile:35 - Overriding database path with different value: C:\Users\tri\.stmcufinder\plugins\mcufinder/ => C:\Users\tri\.stmcufinder\plugins\mcufinder
2025-09-08 19:10:22,773 [INFO] CrossReferenceDbSqlite:196 - Set database path to: C:\Users\tri\.stmcufinder\plugins\mcufinder//mcu/cs/
2025-09-08 19:10:22,773 [WARN] DbFile:35 - Overriding database path with different value: C:\Users\tri\.stmcufinder\plugins\mcufinder/ => C:\Users\tri\.stmcufinder\plugins\mcufinder
2025-09-08 19:10:22,774 [INFO] DbExamplesSqlite:767 - Set database path to: C:\Users\tri\.stmcufinder\plugins\mcufinder//mcu/
2025-09-08 19:10:22,812 [INFO] MainPanel:214 - HeapMemory: 268435456
2025-09-08 19:10:22,851 [INFO] DbMcusXml:74 - Set database path to: D:\STM32CubeIDE_1.7.0\STM32CubeIDE\plugins\com.st.stm32cube.common.mx_6.3.0.202107141111\\db\/mcu/
2025-09-08 19:10:22,851 [INFO] DbBoardsPdsc:56 - Set plugin database path to: D:\STM32CubeIDE_1.7.0\STM32CubeIDE\plugins\com.st.stm32cube.common.mx_6.3.0.202107141111\\db\/plugins/boardmanager/
2025-09-08 19:10:22,851 [INFO] DbMcus:258 - Set plugin images path to: D:\STM32CubeIDE_1.7.0\STM32CubeIDE\plugins\com.st.stm32cube.common.mx_6.3.0.202107141111\\db\/plugins/mcufinder/images/
2025-09-08 19:10:22,851 [INFO] DbBoards:264 - Set plugin images path to: D:\STM32CubeIDE_1.7.0\STM32CubeIDE\plugins\com.st.stm32cube.common.mx_6.3.0.202107141111\\db\/plugins/mcufinder/images/
2025-09-08 19:10:22,851 [INFO] DbExamples:333 - Set plugin images path to: D:\STM32CubeIDE_1.7.0\STM32CubeIDE\plugins\com.st.stm32cube.common.mx_6.3.0.202107141111\\db\/plugins/mcufinder/images/
2025-09-08 19:10:22,851 [WARN] DbFile:35 - Overriding database path with different value: C:\Users\tri\.stmcufinder\plugins\mcufinder/ => C:\Users\tri\.stmcufinder\plugins\mcufinder
2025-09-08 19:10:22,851 [INFO] DbMcusAds:119 - Set database path to: C:\Users\tri\.stmcufinder\plugins\mcufinder//mcu/
2025-09-08 19:10:22,851 [WARN] DbFile:35 - Overriding database path with different value: C:\Users\tri\.stmcufinder\plugins\mcufinder/ => C:\Users\tri\.stmcufinder\plugins\mcufinder
2025-09-08 19:10:22,851 [INFO] DbMcusDocs:110 - Set database path to: C:\Users\tri\.stmcufinder\plugins\mcufinder//mcu/
2025-09-08 19:10:22,851 [WARN] DbFile:35 - Overriding database path with different value: C:\Users\tri\.stmcufinder\plugins\mcufinder/ => C:\Users\tri\.stmcufinder\plugins\mcufinder
2025-09-08 19:10:22,851 [INFO] DbMcusJson:64 - Set database path to: C:\Users\tri\.stmcufinder\plugins\mcufinder//mcu/
2025-09-08 19:10:22,851 [WARN] DbFile:35 - Overriding database path with different value: C:\Users\tri\.stmcufinder\plugins\mcufinder/ => C:\Users\tri\.stmcufinder\plugins\mcufinder
2025-09-08 19:10:22,852 [INFO] DbBoardsDocs:110 - Set database path to: C:\Users\tri\.stmcufinder\plugins\mcufinder//mcu/
2025-09-08 19:10:22,852 [WARN] DbFile:35 - Overriding database path with different value: C:\Users\tri\.stmcufinder\plugins\mcufinder/ => C:\Users\tri\.stmcufinder\plugins\mcufinder
2025-09-08 19:10:22,852 [INFO] DbBoardsJson:57 - Set database path to: C:\Users\tri\.stmcufinder\plugins\mcufinder//mcu/
2025-09-08 19:10:22,852 [WARN] DbFile:35 - Overriding database path with different value: C:\Users\tri\.stmcufinder\plugins\mcufinder/ => C:\Users\tri\.stmcufinder\plugins\mcufinder
2025-09-08 19:10:22,852 [WARN] DbFile:35 - Overriding database path with different value: C:\Users\tri\.stmcufinder\plugins\mcufinder/ => C:\Users\tri\.stmcufinder\plugins\mcufinder
2025-09-08 19:10:23,769 [INFO] CrossReferenceDbSqlite:196 - Set database path to: C:\Users\tri\.stmcufinder\plugins\mcufinder//mcu/cs/
2025-09-08 19:10:23,770 [WARN] DbFile:35 - Overriding database path with different value: C:\Users\tri\.stmcufinder\plugins\mcufinder/ => C:\Users\tri\.stmcufinder\plugins\mcufinder
2025-09-08 19:10:23,770 [INFO] DbExamplesSqlite:767 - Set database path to: C:\Users\tri\.stmcufinder\plugins\mcufinder//mcu/
2025-09-08 19:10:23,784 [INFO] ApplicationProperties:181 - Using Application install path: D:\STM32CubeIDE_1.7.0\STM32CubeIDE\plugins\com.st.stm32cube.common.mx_6.3.0.202107141111
2025-09-08 19:10:23,786 [INFO] PluginManage:188 - Search for loadable plugins [exclusion list=, ]
2025-09-08 19:10:23,787 [INFO] PluginManage:302 - Check plugin analytics
2025-09-08 19:10:24,814 [INFO] AnalyticsPlugin:257 - Accepted Software Licenses: 
2025-09-08 19:10:24,815 [INFO] AnalyticsPlugin:259 - Accepted CMSIS Pack Licenses: 
2025-09-08 19:10:24,815 [INFO] AnalyticsPlugin:261 - Accepted Firmware Licenses: 
2025-09-08 19:10:24,815 [INFO] PluginManage:352 - Loaded plugin analytics (category:tool,tabindex:-1)
2025-09-08 19:10:24,815 [INFO] PluginManage:302 - Check plugin clock
2025-09-08 19:10:24,821 [INFO] PluginManage:352 - Loaded plugin clock (category:base,tabindex:2)
2025-09-08 19:10:24,821 [INFO] PluginManage:302 - Check plugin ddr
2025-09-08 19:10:24,822 [INFO] PluginManage:352 - Loaded plugin ddr (category:tool,tabindex:6)
2025-09-08 19:10:24,822 [INFO] PluginManage:302 - Check plugin filemanager
2025-09-08 19:10:24,893 [INFO] PluginManage:352 - Loaded plugin filemanager (category:base,tabindex:10)
2025-09-08 19:10:24,893 [INFO] PluginManage:302 - Check plugin ipmanager
2025-09-08 19:10:24,897 [INFO] PluginManage:352 - Loaded plugin ipmanager (category:base,tabindex:5)
2025-09-08 19:10:24,897 [INFO] PluginManage:302 - Check plugin pinoutandconfiguration
2025-09-08 19:10:24,914 [INFO] PluginManage:352 - Loaded plugin pinoutandconfiguration (category:base,tabindex:1)
2025-09-08 19:10:24,914 [INFO] PluginManage:302 - Check plugin pinoutconfig
2025-09-08 19:10:24,931 [INFO] PluginManage:352 - Loaded plugin pinoutconfig (category:base,tabindex:0)
2025-09-08 19:10:24,931 [INFO] PluginManage:302 - Check plugin power
2025-09-08 19:10:24,935 [INFO] PluginManage:352 - Loaded plugin power (category:power,tabindex:4)
2025-09-08 19:10:24,935 [INFO] PluginManage:302 - Check plugin projectmanager
2025-09-08 19:10:24,946 [INFO] PluginManage:352 - Loaded plugin projectmanager (category:projectmanager,tabindex:3)
2025-09-08 19:10:24,946 [INFO] PluginManage:302 - Check plugin thirdparty
2025-09-08 19:10:25,003 [INFO] PluginManage:352 - Loaded plugin thirdparty (category:base,tabindex:-1)
2025-09-08 19:10:25,003 [WARN] IntegrityCheckThread:78 - waiting for thirdparty lock release [integrity check]
2025-09-08 19:10:25,003 [INFO] PluginManage:302 - Check plugin tools
2025-09-08 19:10:25,004 [INFO] IntegrityCheckThread:80 - entering critical section [integrity check]
2025-09-08 19:10:25,004 [INFO] ThirdPartyUpdaterWithRetryManager:66 - Updater plugin not ready yet. [1/15]
2025-09-08 19:10:25,005 [INFO] PluginManage:352 - Loaded plugin tools (category:base,tabindex:7)
2025-09-08 19:10:25,005 [INFO] PluginManage:302 - Check plugin tutovideos
2025-09-08 19:10:25,109 [INFO] PluginManage:352 - Loaded plugin tutovideos (category:base,tabindex:-1)
2025-09-08 19:10:25,109 [INFO] PluginManage:302 - Check plugin updater
2025-09-08 19:10:25,119 [INFO] PluginManage:352 - Loaded plugin updater (category:base,tabindex:12)
2025-09-08 19:10:25,119 [INFO] PluginManage:275 - PluginManage : Loaded plugins [13]
2025-09-08 19:10:25,204 [INFO] PinOutPanel:1463 - setPackage(No Configuration,No Configuration)
2025-09-08 19:10:25,250 [INFO] IPUIPlugin:74 - create IPUIPlugin
2025-09-08 19:10:25,250 [INFO] PluginManager:213 - loadIPPluginJar : add adc
2025-09-08 19:10:25,251 [INFO] IPUIPlugin:74 - create IPUIPlugin
2025-09-08 19:10:25,251 [INFO] PluginManager:213 - loadIPPluginJar : add aes
2025-09-08 19:10:25,253 [INFO] IPUIPlugin:74 - create IPUIPlugin
2025-09-08 19:10:25,253 [INFO] PluginManager:213 - loadIPPluginJar : add can
2025-09-08 19:10:25,253 [INFO] IPUIPlugin:74 - create IPUIPlugin
2025-09-08 19:10:25,254 [INFO] PluginManager:213 - loadIPPluginJar : add comp
2025-09-08 19:10:25,255 [INFO] IPUIPlugin:74 - create IPUIPlugin
2025-09-08 19:10:25,255 [INFO] PluginManager:213 - loadIPPluginJar : add cryp
2025-09-08 19:10:25,256 [INFO] IPUIPlugin:74 - create IPUIPlugin
2025-09-08 19:10:25,256 [INFO] PluginManager:213 - loadIPPluginJar : add dfsdm
2025-09-08 19:10:25,259 [INFO] IPUIPlugin:74 - create IPUIPlugin
2025-09-08 19:10:25,259 [INFO] PluginManager:213 - loadIPPluginJar : add dma
2025-09-08 19:10:25,260 [INFO] IPUIPlugin:74 - create IPUIPlugin
2025-09-08 19:10:25,260 [INFO] PluginManager:213 - loadIPPluginJar : add dma3
2025-09-08 19:10:25,261 [INFO] IPUIPlugin:74 - create IPUIPlugin
2025-09-08 19:10:25,261 [INFO] PluginManager:213 - loadIPPluginJar : add fatfs
2025-09-08 19:10:25,263 [INFO] IPUIPlugin:74 - create IPUIPlugin
2025-09-08 19:10:25,263 [INFO] PluginManager:213 - loadIPPluginJar : add fmc
2025-09-08 19:10:25,266 [INFO] IPUIPlugin:74 - create IPUIPlugin
2025-09-08 19:10:25,267 [INFO] PluginManager:213 - loadIPPluginJar : add freertos
2025-09-08 19:10:25,267 [INFO] IPUIPlugin:74 - create IPUIPlugin
2025-09-08 19:10:25,267 [INFO] PluginManager:213 - loadIPPluginJar : add genericplugin
2025-09-08 19:10:25,269 [INFO] IPUIPlugin:74 - create IPUIPlugin
2025-09-08 19:10:25,269 [INFO] PluginManager:213 - loadIPPluginJar : add gfxmmu
2025-09-08 19:10:25,272 [INFO] IPUIPlugin:74 - create IPUIPlugin
2025-09-08 19:10:25,272 [INFO] PluginManager:213 - loadIPPluginJar : add gic
2025-09-08 19:10:25,274 [INFO] IPUIPlugin:74 - create IPUIPlugin
2025-09-08 19:10:25,274 [INFO] PluginManager:213 - loadIPPluginJar : add gpio
2025-09-08 19:10:25,276 [INFO] IPUIPlugin:74 - create IPUIPlugin
2025-09-08 19:10:25,276 [INFO] PluginManager:213 - loadIPPluginJar : add gtzc
2025-09-08 19:10:25,277 [INFO] IPUIPlugin:74 - create IPUIPlugin
2025-09-08 19:10:25,277 [INFO] PluginManager:213 - loadIPPluginJar : add hash
2025-09-08 19:10:25,278 [INFO] IPUIPlugin:74 - create IPUIPlugin
2025-09-08 19:10:25,278 [INFO] PluginManager:213 - loadIPPluginJar : add i2c
2025-09-08 19:10:25,279 [INFO] IPUIPlugin:74 - create IPUIPlugin
2025-09-08 19:10:25,280 [INFO] PluginManager:213 - loadIPPluginJar : add i2s
2025-09-08 19:10:25,281 [INFO] IPUIPlugin:74 - create IPUIPlugin
2025-09-08 19:10:25,281 [INFO] PluginManager:213 - loadIPPluginJar : add ipddr
2025-09-08 19:10:25,286 [INFO] IPUIPlugin:74 - create IPUIPlugin
2025-09-08 19:10:25,286 [INFO] PluginManager:213 - loadIPPluginJar : add linkedlist
2025-09-08 19:10:25,287 [INFO] IPUIPlugin:74 - create IPUIPlugin
2025-09-08 19:10:25,288 [INFO] PluginManager:213 - loadIPPluginJar : add lorawan
2025-09-08 19:10:25,288 [INFO] IPUIPlugin:74 - create IPUIPlugin
2025-09-08 19:10:25,288 [INFO] PluginManager:213 - loadIPPluginJar : add ltdc
2025-09-08 19:10:25,290 [INFO] IPUIPlugin:74 - create IPUIPlugin
2025-09-08 19:10:25,290 [INFO] PluginManager:213 - loadIPPluginJar : add mdma
2025-09-08 19:10:25,292 [INFO] IPUIPlugin:74 - create IPUIPlugin
2025-09-08 19:10:25,292 [INFO] PluginManager:213 - loadIPPluginJar : add nvic
2025-09-08 19:10:25,294 [INFO] IPUIPlugin:74 - create IPUIPlugin
2025-09-08 19:10:25,294 [INFO] PluginManager:213 - loadIPPluginJar : add opamp
2025-09-08 19:10:25,295 [INFO] IPUIPlugin:74 - create IPUIPlugin
2025-09-08 19:10:25,295 [INFO] PluginManager:213 - loadIPPluginJar : add openamp
2025-09-08 19:10:25,296 [INFO] IPUIPlugin:74 - create IPUIPlugin
2025-09-08 19:10:25,296 [INFO] PluginManager:213 - loadIPPluginJar : add pdm2pcm
2025-09-08 19:10:25,300 [INFO] IPUIPlugin:74 - create IPUIPlugin
2025-09-08 19:10:25,302 [INFO] PluginManager:213 - loadIPPluginJar : add plateformsettings
2025-09-08 19:10:25,303 [INFO] IPUIPlugin:74 - create IPUIPlugin
2025-09-08 19:10:25,303 [INFO] PluginManager:213 - loadIPPluginJar : add quadspi
2025-09-08 19:10:25,304 [INFO] IPUIPlugin:74 - create IPUIPlugin
2025-09-08 19:10:25,304 [INFO] PluginManager:213 - loadIPPluginJar : add resmgrutility
2025-09-08 19:10:25,316 [INFO] IPUIPlugin:74 - create IPUIPlugin
2025-09-08 19:10:25,316 [INFO] PluginManager:213 - loadIPPluginJar : add sai
2025-09-08 19:10:25,319 [INFO] IPUIPlugin:74 - create IPUIPlugin
2025-09-08 19:10:25,320 [INFO] PluginManager:213 - loadIPPluginJar : add spi
2025-09-08 19:10:25,323 [INFO] IPUIPlugin:74 - create IPUIPlugin
2025-09-08 19:10:25,323 [INFO] PluginManager:213 - loadIPPluginJar : add stm32_wpan
2025-09-08 19:10:25,324 [INFO] IPUIPlugin:74 - create IPUIPlugin
2025-09-08 19:10:25,324 [INFO] PluginManager:213 - loadIPPluginJar : add tim
2025-09-08 19:10:25,326 [INFO] IPUIPlugin:74 - create IPUIPlugin
2025-09-08 19:10:25,326 [INFO] PluginManager:213 - loadIPPluginJar : add touchsensing
2025-09-08 19:10:25,327 [INFO] IPUIPlugin:74 - create IPUIPlugin
2025-09-08 19:10:25,327 [INFO] PluginManager:213 - loadIPPluginJar : add tracer_emb
2025-09-08 19:10:25,328 [INFO] IPUIPlugin:74 - create IPUIPlugin
2025-09-08 19:10:25,328 [INFO] PluginManager:213 - loadIPPluginJar : add ts
2025-09-08 19:10:25,329 [INFO] IPUIPlugin:74 - create IPUIPlugin
2025-09-08 19:10:25,329 [INFO] PluginManager:213 - loadIPPluginJar : add tsc
2025-09-08 19:10:25,330 [INFO] IPUIPlugin:74 - create IPUIPlugin
2025-09-08 19:10:25,330 [INFO] PluginManager:213 - loadIPPluginJar : add ucpd
2025-09-08 19:10:25,332 [INFO] IPUIPlugin:74 - create IPUIPlugin
2025-09-08 19:10:25,332 [INFO] PluginManager:213 - loadIPPluginJar : add usart
2025-09-08 19:10:25,333 [INFO] IPUIPlugin:74 - create IPUIPlugin
2025-09-08 19:10:25,333 [INFO] PluginManager:213 - loadIPPluginJar : add usbx
2025-09-08 19:10:25,543 [FATAL] Updater:294 - Updater called before beeing initialized
2025-09-08 19:10:25,599 [FATAL] Updater:294 - Updater called before beeing initialized
2025-09-08 19:10:25,602 [INFO] DbMcusAds:47 - JSON generation date=Tue Jul 08 15:14:23 ICT 2025 (1751962463582)
2025-09-08 19:10:25,602 [FATAL] Updater:294 - Updater called before beeing initialized
2025-09-08 19:10:25,621 [WARN] DetailPanel:314 - Failed to get advertising image, set to default
2025-09-08 19:10:25,673 [FATAL] Updater:294 - Updater called before beeing initialized
2025-09-08 19:10:25,674 [FATAL] Updater:294 - Updater called before beeing initialized
2025-09-08 19:10:25,674 [FATAL] Updater:294 - Updater called before beeing initialized
2025-09-08 19:10:25,674 [WARN] DetailPanel:314 - Failed to get advertising image, set to default
2025-09-08 19:10:25,675 [FATAL] Updater:294 - Updater called before beeing initialized
2025-09-08 19:10:25,702 [ERROR] Updater:1075 - MainUpdater not yet initialized. External WinMGr cannot be set.
2025-09-08 19:10:25,704 [INFO] Updater:1012 - Updater Version found : 6.3.0
2025-09-08 19:10:25,715 [INFO] ApplicationProperties:181 - Using Application install path: D:\STM32CubeIDE_1.7.0\STM32CubeIDE\plugins\com.st.stm32cube.common.mx_6.3.0.202107141111
2025-09-08 19:10:25,827 [INFO] MainUpdater:2671 - connection check result : 10
2025-09-08 19:10:25,828 [INFO] MainUpdater:265 - Updater Check For Update Now.
2025-09-08 19:10:25,829 [INFO] MicroXplorer:478 - Change Database Version : DB.6.0.30
2025-09-08 19:10:25,984 [INFO] CheckServerUpdateThread:112 - End of CheckServer Thread
2025-09-08 19:10:26,044 [INFO] MainUpdater:2671 - connection check result : 10
2025-09-08 19:10:26,177 [INFO] McuFinderGlobals:52 - Set McuFinderConnectedMode to false
2025-09-08 19:10:26,232 [INFO] CrossSelectorPresenter:1330 - Cross Selector saved comparison directory: C:\Users\tri\.stmcufinder\plugins\mcufinder\mcu\cs_comparisons_mx
2025-09-08 19:10:26,236 [INFO] MultiScanPanel:197 - Auto-refresh data requested => check proxy status ongoing
2025-09-08 19:10:26,236 [INFO] MultiScanPanel:201 - Proxy status is invalid
2025-09-08 19:10:26,238 [INFO] FinderPluginLoader:87 - Searching for filters in installed packs
2025-09-08 19:10:26,239 [INFO] DbMcusXml:100 - Load MCU database from D:\STM32CubeIDE_1.7.0\STM32CubeIDE\plugins\com.st.stm32cube.common.mx_6.3.0.202107141111\\db\/mcu/families.xml
2025-09-08 19:10:26,667 [INFO] DbMcusJson:93 - JSON generation date=Tue Nov 16 23:17:54 ICT 2021 (1637079474)
2025-09-08 19:10:26,999 [INFO] DbMcus:175 - Found 1951 MCUs (1903 are supported by CubeMX, 1914 are visible in CubeMX)
2025-09-08 19:10:26,999 [INFO] ApiDb:251 - Load user favorites file C:\Users\tri/.stm32cubeide/favorites.mcus.txt: 0 item(s)
2025-09-08 19:10:26,999 [INFO] ApiDb:255 - User favorites MCUs=[]
2025-09-08 19:10:26,999 [INFO] DbMcus:187 - Set 0 / 0 favorites MCUs
2025-09-08 19:10:27,358 [INFO] DetailPanel:309 - Set advertising image to C:/Users/tri/STM32Cube/Repository/\en.2400x1350px.jpeg
2025-09-08 19:10:27,669 [INFO] DbBoardsPdsc:90 - Found 25 items
2025-09-08 19:10:27,670 [INFO] DbBoardsPdsc:90 - Found 9 items
2025-09-08 19:10:27,672 [INFO] DbBoardsPdsc:90 - Found 33 items
2025-09-08 19:10:27,673 [INFO] DbBoardsPdsc:90 - Found 1 items
2025-09-08 19:10:27,677 [INFO] DbBoardsPdsc:90 - Found 48 items
2025-09-08 19:10:27,681 [INFO] DbBoardsPdsc:90 - Found 43 items
2025-09-08 19:10:27,682 [INFO] DbBoardsPdsc:90 - Found 2 items
2025-09-08 19:10:27,683 [INFO] DbBoardsPdsc:90 - Found 5 items
2025-09-08 19:10:27,685 [WARN] DbBoardsPdsc:254 - Board STM32H7B3I-DK: unknown feature type=Audio, name=, username=Audio stereo codec with Headphone Amp (CS42L51-CNZ), n=1
2025-09-08 19:10:27,686 [WARN] DbBoardsPdsc:254 - Board STM32H735G-DK: unknown feature type=Audio, name=, username=Audio stereo codec with Headphone Amp (WM8994ECS/R), n=1
2025-09-08 19:10:27,686 [WARN] DbBoardsPdsc:254 - Board STM32H7B3I-EVAL: unknown feature type=Audio, name=, username=Multi-Channel Audio Codec (CS42L51-CNZ), n=1
2025-09-08 19:10:27,687 [WARN] DbBoardsPdsc:254 - Board STM32H7B3I-EVAL: unknown feature type=Meter, name=, username=Power-metering and Temperature-monitoring with sigma-delta modulators, n=1
2025-09-08 19:10:27,687 [WARN] DbBoardsPdsc:254 - Board STM32H7B3I-EVAL: unknown feature type=Motor, name=, username=Motor Control, n=1
2025-09-08 19:10:27,687 [WARN] DbBoardsPdsc:254 - Board STM32U575I-EV: unknown feature type=joystick, name=, username=4-direction joystick with selection button, n=1
2025-09-08 19:10:27,696 [INFO] DbBoardsJson:86 - JSON generation date=Tue Nov 16 23:17:54 ICT 2021 (1637079474)
2025-09-08 19:10:27,699 [INFO] DbBoards:117 - Found 167 boards (163 are supported by CubeMX)
2025-09-08 19:10:27,701 [INFO] DbBoardsDocs:143 - JSON generation date=Tue Nov 16 23:17:54 ICT 2021 (1637079474)
2025-09-08 19:10:27,703 [INFO] DbBoardsDocs:79 - Found 209 boards documents
2025-09-08 19:10:27,703 [WARN] DbBoards:127 - board B-L475E-IOT01A2 has no document id list !
2025-09-08 19:10:27,703 [WARN] DbBoards:127 - board NUCLEO-H743ZI has no document id list !
2025-09-08 19:10:27,704 [WARN] DbBoards:127 - board NUCLEO-WL55JC2 has no document id list !
2025-09-08 19:10:27,704 [WARN] DbBoards:127 - board P-NUCLEO-WB55-Nucleo has no document id list !
2025-09-08 19:10:27,704 [WARN] DbBoards:127 - board P-NUCLEO-WB55-USBDongle has no document id list !
2025-09-08 19:10:27,704 [WARN] DbBoards:127 - board STEVAL-BFA001V1B has no document id list !
2025-09-08 19:10:27,704 [WARN] DbBoards:127 - board STEVAL-BFA001V2B has no document id list !
2025-09-08 19:10:27,704 [WARN] DbBoards:127 - board STEVAL-IDP005V1 has no document id list !
2025-09-08 19:10:27,704 [WARN] DbBoards:127 - board STEVAL-IDP005V2 has no document id list !
2025-09-08 19:10:27,704 [WARN] DbBoards:127 - board STEVAL-MKSBOX1V1 has no document id list !
2025-09-08 19:10:27,704 [WARN] DbBoards:127 - board STEVAL-STWINKT1 has no document id list !
2025-09-08 19:10:27,704 [WARN] DbBoards:127 - board STEVAL-STWINKT1B has no document id list !
2025-09-08 19:10:27,704 [WARN] DbBoards:127 - board STM32439I-EVAL2 has no document id list !
2025-09-08 19:10:27,704 [WARN] DbBoards:127 - board STM32F401C-DISCO has no document id list !
2025-09-08 19:10:27,704 [WARN] DbBoards:127 - board STM32F769I-DISC1 has no document id list !
2025-09-08 19:10:27,704 [WARN] DbBoards:127 - board STM32G474E-EVAL1 has no document id list !
2025-09-08 19:10:27,704 [WARN] DbBoards:127 - board STM32H743I-EVAL2 has no document id list !
2025-09-08 19:10:27,705 [WARN] DbBoards:127 - board STM32H747I-DISC1 has no document id list !
2025-09-08 19:10:27,705 [WARN] DbBoards:127 - board STM32H753I-EVAL2 has no document id list !
2025-09-08 19:10:27,705 [WARN] DbBoards:127 - board STM32L-DISCOVERY has no document id list !
2025-09-08 19:10:27,776 [ERROR] DbBoards:189 - Image file not found for board B-U585I-IOT02A: D:\STM32CubeIDE_1.7.0\STM32CubeIDE\plugins\com.st.stm32cube.common.mx_6.3.0.202107141111\\db\/plugins/mcufinder/images/boards/B-U585I-IOT02A_small.jpg
2025-09-08 19:10:27,833 [ERROR] DbBoards:189 - Image file not found for board NUCLEO-F413ZH: D:\STM32CubeIDE_1.7.0\STM32CubeIDE\plugins\com.st.stm32cube.common.mx_6.3.0.202107141111\\db\/plugins/mcufinder/images/boards/nucleo-f413zh_small.jpg
2025-09-08 19:10:27,936 [ERROR] DbBoards:189 - Image file not found for board NUCLEO-L552ZE-Q: D:\STM32CubeIDE_1.7.0\STM32CubeIDE\plugins\com.st.stm32cube.common.mx_6.3.0.202107141111\\db\/plugins/mcufinder/images/boards/nucleo_l552ze_q_small.jpg
2025-09-08 19:10:27,936 [ERROR] DbBoards:189 - Image file not found for board NUCLEO-U575ZI-Q: D:\STM32CubeIDE_1.7.0\STM32CubeIDE\plugins\com.st.stm32cube.common.mx_6.3.0.202107141111\\db\/plugins/mcufinder/images/boards/nucleo-u575zi-q_small.jpg
2025-09-08 19:10:27,936 [ERROR] DbBoards:189 - Image file not found for board NUCLEO-WB15CC: D:\STM32CubeIDE_1.7.0\STM32CubeIDE\plugins\com.st.stm32cube.common.mx_6.3.0.202107141111\\db\/plugins/mcufinder/images/boards/nucleo-wb15cc_small.jpg
2025-09-08 19:10:27,936 [ERROR] DbBoards:189 - Image file not found for board NUCLEO-WB55RG: D:\STM32CubeIDE_1.7.0\STM32CubeIDE\plugins\com.st.stm32cube.common.mx_6.3.0.202107141111\\db\/plugins/mcufinder/images/boards/nucleo-wb55rg_small.jpg
2025-09-08 19:10:28,085 [ERROR] Engine:463 - C:\Users\tri\.stm32cubemx\thirdparties\pdsc\STMicroelectronics.FP-SNS-MOTENVWB1.1.4.0.pdsc: PDSC version is not supported
2025-09-08 19:10:28,098 [WARN] PackLoader:238 - Cannot read IP mode file for STMicroelectronics.FP-ATR-ASTRA1.2.0.2
2025-09-08 19:10:28,101 [ERROR] Engine:463 - C:\Users\tri\.stm32cubemx\thirdparties\pdsc\STMicroelectronics.X-CUBE-SMBUS.2.1.0.pdsc: PDSC version is not supported
2025-09-08 19:10:28,101 [ERROR] Engine:463 - C:\Users\tri\.stm32cubemx\thirdparties\pdsc\STMicroelectronics.X-CUBE-ST60.1.0.0.pdsc: PDSC version is not supported
2025-09-08 19:10:28,121 [WARN] PackLoader:238 - Cannot read IP mode file for STMicroelectronics.X-CUBE-AZRTOS-F7.1.1.0
2025-09-08 19:10:28,126 [ERROR] Engine:463 - C:\Users\tri\.stm32cubemx\thirdparties\pdsc\WES.I-CUBE-Cesium.1.4.0.pdsc: PDSC version is not supported
2025-09-08 19:10:28,134 [ERROR] Engine:463 - C:\Users\tri\.stm32cubemx\thirdparties\pdsc\Infineon.AIROC-Wi-Fi-Bluetooth-STM32.1.7.1.pdsc: PDSC version is not supported
2025-09-08 19:10:28,153 [WARN] PackLoader:238 - Cannot read IP mode file for STMicroelectronics.X-CUBE-AZRTOS-H7.3.4.0
2025-09-08 19:10:28,159 [ERROR] Engine:463 - C:\Users\tri\.stm32cubemx\thirdparties\pdsc\STMicroelectronics.X-CUBE-DISPLAY.3.0.0.pdsc: PDSC version is not supported
2025-09-08 19:10:28,162 [WARN] PackLoader:238 - Cannot read IP mode file for STMicroelectronics.X-CUBE-NFC10.1.0.0
2025-09-08 19:10:28,166 [ERROR] Engine:463 - C:\Users\tri\.stm32cubemx\thirdparties\pdsc\emotas.I-CUBE-CANOPEN.1.3.0.pdsc: PDSC version is not supported
2025-09-08 19:10:28,168 [ERROR] Engine:463 - C:\Users\tri\.stm32cubemx\thirdparties\pdsc\STMicroelectronics.FP-SNS-STBOX1.2.1.0.pdsc: PDSC version is not supported
2025-09-08 19:10:28,169 [ERROR] Engine:463 - C:\Users\tri\.stm32cubemx\thirdparties\pdsc\STMicroelectronics.FP-SNS-SMARTAG2.1.2.0.pdsc: PDSC version is not supported
2025-09-08 19:10:28,170 [ERROR] Engine:463 - C:\Users\tri\.stm32cubemx\thirdparties\pdsc\STMicroelectronics.FP-SNS-FLIGHT1.5.1.0.pdsc: PDSC version is not supported
2025-09-08 19:10:28,176 [INFO] LogOutputStream:76 - [STDOUT_REDIRECT] 1 : Invalid condition id : UX_CORESTACK_Condition cause : null
2025-09-08 19:10:28,178 [INFO] LogOutputStream:76 - [STDOUT_REDIRECT] 1 : Invalid condition id : UX_CORESTACK_Condition cause : null
2025-09-08 19:10:28,182 [INFO] LogOutputStream:76 - [STDOUT_REDIRECT] 1 : Invalid condition id : UX_CORESTACK_Condition cause : null
2025-09-08 19:10:28,183 [INFO] LogOutputStream:76 - [STDOUT_REDIRECT] 1 : Invalid condition id : UX_CORESTACK_Condition cause : null
2025-09-08 19:10:28,183 [INFO] LogOutputStream:76 - [STDOUT_REDIRECT] 1 : Invalid condition id : UX_CORESTACK_Condition cause : null
2025-09-08 19:10:28,185 [WARN] PackLoader:238 - Cannot read IP mode file for STMicroelectronics.X-CUBE-AZRTOS-WL.2.0.0
2025-09-08 19:10:28,187 [ERROR] Engine:463 - C:\Users\tri\.stm32cubemx\thirdparties\pdsc\STMicroelectronics.FP-SNS-MOTENV1.5.0.0.pdsc: PDSC version is not supported
2025-09-08 19:10:28,190 [WARN] PackLoader:238 - Cannot read IP mode file for STMicroelectronics.X-CUBE-BLE2.3.3.0
2025-09-08 19:10:28,194 [WARN] PackLoader:238 - Cannot read IP mode file for STMicroelectronics.X-CUBE-NFC9.1.0.0
2025-09-08 19:10:28,197 [WARN] PackLoader:238 - Cannot read IP mode file for wolfSSL.I-CUBE-wolfSSL.5.8.2
2025-09-08 19:10:28,200 [WARN] PackLoader:238 - Cannot read IP mode file for STMicroelectronics.X-CUBE-BLE1.7.1.0
2025-09-08 19:10:28,203 [WARN] PackLoader:238 - Cannot read IP mode file for wolfSSL.I-CUBE-wolfMQTT.1.19.2
2025-09-08 19:10:28,207 [WARN] PackLoader:238 - Cannot read IP mode file for STMicroelectronics.X-CUBE-EEPRMA1.5.2.0
2025-09-08 19:10:28,217 [WARN] PackLoader:238 - Cannot read IP mode file for STMicroelectronics.X-CUBE-AZRTOS-G0.1.1.0
2025-09-08 19:10:28,221 [WARN] PackLoader:238 - Cannot read IP mode file for STMicroelectronics.X-CUBE-SAFEA1.1.2.2
2025-09-08 19:10:28,225 [WARN] PackLoader:238 - Cannot read IP mode file for STMicroelectronics.X-CUBE-NFC4.3.0.0
2025-09-08 19:10:28,226 [ERROR] Engine:463 - C:\Users\tri\.stm32cubemx\thirdparties\pdsc\EmbeddedOffice.I-CUBE-FS-RTOS.1.0.1.pdsc: PDSC version is not supported
2025-09-08 19:10:28,229 [WARN] PackLoader:238 - Cannot read IP mode file for STMicroelectronics.X-CUBE-WB05N.2.0.0
2025-09-08 19:10:28,231 [WARN] PackLoader:238 - Cannot read IP mode file for wolfSSL.I-CUBE-wolfTPM.3.8.0
2025-09-08 19:10:28,232 [ERROR] Engine:463 - C:\Users\tri\.stm32cubemx\thirdparties\pdsc\STMicroelectronics.X-CUBE-TCPP.4.2.0.pdsc: PDSC version is not supported
2025-09-08 19:10:28,233 [ERROR] Engine:463 - C:\Users\tri\.stm32cubemx\thirdparties\pdsc\RealThread.X-CUBE-RT-Thread_Nano.4.1.1.pdsc: PDSC version is not supported
2025-09-08 19:10:28,234 [WARN] PackLoader:238 - Cannot read IP mode file for STMicroelectronics.FP-ATR-SIGFOX1.3.2.0
2025-09-08 19:10:28,236 [ERROR] Engine:463 - C:\Users\tri\.stm32cubemx\thirdparties\pdsc\ITTIA_DB.I-CUBE-ITTIADB.8.9.0.pdsc: PDSC version is not supported
2025-09-08 19:10:28,237 [ERROR] Engine:463 - C:\Users\tri\.stm32cubemx\thirdparties\pdsc\STMicroelectronics.X-CUBE-ST67W61.1.0.0.pdsc: PDSC version is not supported
2025-09-08 19:10:28,238 [WARN] PackLoader:238 - Cannot read IP mode file for STMicroelectronics.X-CUBE-AI.10.2.0
2025-09-08 19:10:28,261 [WARN] PackLoader:238 - Cannot read IP mode file for SEGGER.I-CUBE-embOS.1.3.1
2025-09-08 19:10:28,295 [WARN] PackLoader:238 - Cannot read IP mode file for STMicroelectronics.X-CUBE-ALGOBUILD.1.4.0
2025-09-08 19:10:28,330 [WARN] PackLoader:238 - Cannot read IP mode file for STMicroelectronics.X-CUBE-MEMS1.11.3.0
2025-09-08 19:10:28,441 [WARN] PackLoader:238 - Cannot read IP mode file for STMicroelectronics.X-CUBE-PM33A1.1.0.0
2025-09-08 19:10:28,452 [WARN] PackLoader:238 - Cannot read IP mode file for STMicroelectronics.X-CUBE-AZRTOS-F4.1.1.0
2025-09-08 19:10:28,455 [ERROR] Engine:463 - C:\Users\tri\.stm32cubemx\thirdparties\pdsc\Avnet-IotConnect.X-CUBE-IoTC-DA16k-PMOD.1.0.0.pdsc: PDSC version is not supported
2025-09-08 19:10:28,456 [WARN] PackLoader:238 - Cannot read IP mode file for STMicroelectronics.X-CUBE-ISPU.2.1.0
2025-09-08 19:10:28,460 [WARN] PackLoader:238 - Cannot read IP mode file for STMicroelectronics.X-CUBE-NFC12.1.0.0
2025-09-08 19:10:28,472 [WARN] PackLoader:238 - Cannot read IP mode file for STMicroelectronics.X-CUBE-AZRTOS-L5.2.0.0
2025-09-08 19:10:28,481 [WARN] PackLoader:238 - Cannot read IP mode file for STMicroelectronics.X-CUBE-NFC6.3.1.0
2025-09-08 19:10:28,487 [ERROR] Engine:463 - C:\Users\tri\.stm32cubemx\thirdparties\pdsc\STMicroelectronics.X-CUBE-FREERTOS.1.3.1.pdsc: PDSC version is not supported
2025-09-08 19:10:28,488 [ERROR] Engine:463 - C:\Users\tri\.stm32cubemx\thirdparties\pdsc\STMicroelectronics.FP-SNS-STAIOTCFT.1.0.0.pdsc: PDSC version is not supported
2025-09-08 19:10:28,489 [ERROR] Engine:463 - C:\Users\tri\.stm32cubemx\thirdparties\pdsc\STMicroelectronics.X-CUBE-DPower.1.3.0.pdsc: PDSC version is not supported
2025-09-08 19:10:28,501 [WARN] ConditionMgr:437 - getConditionDescription Invalid condition id : LAN8742 Phy interface Condition cause : null
2025-09-08 19:10:28,502 [WARN] PackLoader:238 - Cannot read IP mode file for STMicroelectronics.X-CUBE-AZRTOS-L4.2.0.0
2025-09-08 19:10:28,503 [WARN] ConditionMgr:1038 - genDependencies : Invalid condition id : LAN8742 Phy interface Condition cause : null
2025-09-08 19:10:28,503 [WARN] ConditionMgr:1038 - genDependencies : Invalid condition id : LAN8742 Phy interface Condition cause : null
2025-09-08 19:10:28,503 [WARN] ConditionMgr:1038 - genDependencies : Invalid condition id : LAN8742 Phy interface Condition cause : null
2025-09-08 19:10:28,507 [WARN] PackLoader:238 - Cannot read IP mode file for STMicroelectronics.X-CUBE-SFXS2LP1.4.0.0
2025-09-08 19:10:28,511 [ERROR] Engine:463 - C:\Users\tri\.stm32cubemx\thirdparties\pdsc\STMicroelectronics.X-CUBE-BLEMGR.4.1.0.pdsc: PDSC version is not supported
2025-09-08 19:10:28,523 [WARN] ConditionMgr:437 - getConditionDescription Invalid condition id : UX DEVICE CLASS RTOS Condition cause : null
2025-09-08 19:10:28,523 [WARN] ConditionMgr:437 - getConditionDescription Invalid condition id : UX DEVICE CLASS RTOS Condition cause : null
2025-09-08 19:10:28,524 [WARN] PackLoader:238 - Cannot read IP mode file for STMicroelectronics.X-CUBE-AZRTOS-WB.2.0.0
2025-09-08 19:10:28,524 [WARN] ConditionMgr:1038 - genDependencies : Invalid condition id : UX DEVICE CLASS RTOS Condition cause : null
2025-09-08 19:10:28,524 [WARN] ConditionMgr:1038 - genDependencies : Invalid condition id : UX DEVICE CLASS RTOS Condition cause : null
2025-09-08 19:10:28,525 [WARN] ConditionMgr:1038 - genDependencies : Invalid condition id : UX DEVICE CLASS RTOS Condition cause : null
2025-09-08 19:10:28,525 [WARN] ConditionMgr:1038 - genDependencies : Invalid condition id : UX DEVICE CLASS RTOS Condition cause : null
2025-09-08 19:10:28,525 [WARN] ConditionMgr:1038 - genDependencies : Invalid condition id : UX DEVICE CLASS RTOS Condition cause : null
2025-09-08 19:10:28,529 [WARN] PackLoader:238 - Cannot read IP mode file for STMicroelectronics.X-CUBE-GNSS1.7.0.1
2025-09-08 19:10:28,533 [WARN] PackLoader:238 - Cannot read IP mode file for STMicroelectronics.X-CUBE-TOUCHGFX.4.25.0
2025-09-08 19:10:28,534 [ERROR] Engine:463 - C:\Users\tri\.stm32cubemx\thirdparties\pdsc\quantropi.X-CUBE-qispace-sdk-base.2.1.0.pdsc: PDSC version is not supported
2025-09-08 19:10:28,540 [WARN] PackLoader:238 - Cannot read IP mode file for STMicroelectronics.X-CUBE-SUBG2.5.0.0
2025-09-08 19:10:28,556 [WARN] PackLoader:238 - Cannot read IP mode file for STMicroelectronics.X-CUBE-AZRTOS-H7RS.1.1.0
2025-09-08 19:10:28,559 [ERROR] Engine:463 - C:\Users\tri\.stm32cubemx\thirdparties\pdsc\Cesanta.I-CUBE-Mongoose.7.13.0.pdsc: PDSC version is not supported
2025-09-08 19:10:28,569 [WARN] PackLoader:238 - Cannot read IP mode file for STMicroelectronics.X-CUBE-AZRTOS-G4.2.0.0
2025-09-08 19:10:28,573 [WARN] PackLoader:238 - Cannot read IP mode file for wolfSSL.I-CUBE-wolfSSH.1.4.20
2025-09-08 19:10:28,575 [WARN] PackLoader:238 - Cannot read IP mode file for STMicroelectronics.X-CUBE-NFC7.2.0.0
2025-09-08 19:10:28,579 [ERROR] Engine:463 - C:\Users\tri\.stm32cubemx\thirdparties\pdsc\STMicroelectronics.X-CUBE-IPS.3.1.0.pdsc: PDSC version is not supported
2025-09-08 19:10:28,579 [ERROR] Engine:463 - C:\Users\tri\.stm32cubemx\thirdparties\pdsc\STMicroelectronics.X-CUBE-ALS.1.0.2.pdsc: PDSC version is not supported
2025-09-08 19:10:28,582 [WARN] PackLoader:238 - Cannot read IP mode file for STMicroelectronics.X-CUBE-STSE01.1.0.0
2025-09-08 19:10:28,586 [ERROR] Engine:463 - C:\Users\tri\.stm32cubemx\thirdparties\pdsc\STMicroelectronics.X-CUBE-TOF1.3.4.3.pdsc: PDSC version is not supported
2025-09-08 19:10:28,586 [INFO] ThirdParty:915 - Integrity check success = true
2025-09-08 19:10:28,586 [INFO] IntegrityCheckThread:94 - exiting critical section [integrity check]
2025-09-08 19:10:28,586 [INFO] IntegrityCheckThread:97 - End integrity checks thread
2025-09-08 19:10:28,669 [INFO] ApiDb:251 - Load user favorites file C:\Users\tri/.stm32cubeide/favorites.boards.txt: 0 item(s)
2025-09-08 19:10:28,670 [INFO] ApiDb:255 - User favorites Boards=[]
2025-09-08 19:10:28,670 [INFO] DbBoards:206 - Set 0 / 0 favorites Boards
2025-09-08 19:10:35,602 [INFO] DbMcusDocs:143 - JSON generation date=Tue Nov 16 23:17:54 ICT 2021 (1637079474)
2025-09-08 19:10:35,747 [INFO] DbMcusDocs:79 - Found 682 MCUs documents
2025-09-08 19:11:09,192 [INFO] MainUpdater:2671 - connection check result : 10
2025-09-08 19:11:09,193 [INFO] MainUpdater:2671 - connection check result : 10
2025-09-08 19:11:09,233 [INFO] MicroXplorer:448 - Change Database Path : 
2025-09-08 19:11:09,233 [INFO] MicroXplorer:478 - Change Database Version : DB.6.0.30
2025-09-08 19:11:09,234 [WARN] ThirdParty:813 - waiting for thirdparty lock release [close project]
2025-09-08 19:11:09,234 [INFO] ThirdParty:815 - entering critical section [close project]
2025-09-08 19:11:09,235 [INFO] ThirdParty:825 - exiting critical section [close project]
2025-09-08 19:11:09,237 [INFO] PinOutPanel:1463 - setPackage(No Configuration,No Configuration)
2025-09-08 19:11:09,237 [INFO] UtilMem:74 - Begin LoadConfig() Used Memory: 457470928 Bytes (486539264)
2025-09-08 19:11:09,238 [INFO] MicroXplorer:448 - Change Database Path : 
2025-09-08 19:11:09,238 [INFO] MicroXplorer:478 - Change Database Version : DB.6.0.30
2025-09-08 19:11:09,238 [INFO] OpenFileManager:313 - Change cursor
2025-09-08 19:11:09,711 [INFO] Context:592 - Trying to add GPIOservice into a context  which must be forbidden
2025-09-08 19:11:09,824 [INFO] ImportTextPane:167 - (OptionalMessage_ERROR) Unable to find key (Mcu.ThirdPartyNb) in loaded IOC file
2025-09-08 19:11:09,824 [INFO] ImportTextPane:167 - (OptionalMessage_ERROR) Unable to find key (Mcu.PinsNb) in loaded IOC file
2025-09-08 19:11:09,824 [INFO] ImportTextPane:167 - (OptionalMessage_ERROR) Unable to find key (Mcu.IPNb) in loaded IOC file
2025-09-08 19:11:09,847 [WARN] ApiManager:304 - Cannot register API 'Board Extension:PM33A1' from pack STMicroelectronics.X-CUBE-PM33A1.1.0.0: no header file found
2025-09-08 19:11:09,848 [WARN] ApiManager:304 - Cannot register API 'Board Extension:NFC09A1' from pack STMicroelectronics.X-CUBE-NFC9.1.0.0: no header file found
2025-09-08 19:11:09,852 [WARN] ApiManager:304 - Cannot register API 'Wireless:BlueNRG-MS' from pack STMicroelectronics.X-CUBE-BLE1.7.1.0: no header file found
2025-09-08 19:11:09,854 [WARN] ApiManager:304 - Cannot register API 'Board Extension:EEPRMA2' from pack STMicroelectronics.X-CUBE-EEPRMA1.5.2.0: no header file found
2025-09-08 19:11:09,855 [WARN] ApiManager:304 - Cannot register API 'Board Extension:PGEEZ1' from pack STMicroelectronics.X-CUBE-EEPRMA1.5.2.0: no header file found
2025-09-08 19:11:09,855 [WARN] ApiManager:304 - Cannot register API 'Board Extension:EEICA1' from pack STMicroelectronics.X-CUBE-EEPRMA1.5.2.0: no header file found
2025-09-08 19:11:09,855 [WARN] ApiManager:304 - Cannot register API 'Board Part:M24' from pack STMicroelectronics.X-CUBE-EEPRMA1.5.2.0: no header file found
2025-09-08 19:11:09,855 [WARN] ApiManager:304 - Cannot register API 'Board Part:M95' from pack STMicroelectronics.X-CUBE-EEPRMA1.5.2.0: no header file found
2025-09-08 19:11:09,855 [WARN] ApiManager:304 - Cannot register API 'Board Part:M95P32' from pack STMicroelectronics.X-CUBE-EEPRMA1.5.2.0: no header file found
2025-09-08 19:11:09,855 [WARN] ApiManager:304 - Cannot register API 'Board Part:M24256E-F' from pack STMicroelectronics.X-CUBE-EEPRMA1.5.2.0: no header file found
2025-09-08 19:11:09,855 [WARN] ApiManager:304 - Cannot register API 'Board Part:M24M01E-F' from pack STMicroelectronics.X-CUBE-EEPRMA1.5.2.0: no header file found
2025-09-08 19:11:09,855 [WARN] ApiManager:304 - Cannot register API 'PGEEZ1:SPI' from pack STMicroelectronics.X-CUBE-EEPRMA1.5.2.0: no header file found
2025-09-08 19:11:09,855 [WARN] ApiManager:304 - Cannot register API 'PGEEZ1:QDSPI' from pack STMicroelectronics.X-CUBE-EEPRMA1.5.2.0: no header file found
2025-09-08 19:11:09,858 [WARN] ApiManager:304 - Cannot register API 'Board Extension:GNSS1A1' from pack STMicroelectronics.X-CUBE-GNSS1.7.0.1: no header file found
2025-09-08 19:11:09,859 [WARN] ApiManager:304 - Cannot register API 'Board Support:Custom' from pack STMicroelectronics.X-CUBE-GNSS1.7.0.1: no header file found
2025-09-08 19:11:09,859 [WARN] ApiManager:304 - Cannot register API 'Data Exchange:lib_gnss' from pack STMicroelectronics.X-CUBE-GNSS1.7.0.1: no header file found
2025-09-08 19:11:09,859 [WARN] ApiManager:304 - Cannot register API 'Board Extension:NFC12A1' from pack STMicroelectronics.X-CUBE-NFC12.1.0.0: no header file found
2025-09-08 19:11:09,864 [WARN] ApiManager:304 - Cannot register API 'Board Extension:NFC06A1' from pack STMicroelectronics.X-CUBE-NFC6.3.1.0: no header file found
2025-09-08 19:11:09,864 [WARN] ApiManager:304 - Cannot register API 'Board Extension:NFC08A1' from pack STMicroelectronics.X-CUBE-NFC6.3.1.0: no header file found
2025-09-08 19:11:09,864 [INFO] RtosManager:484 - Registered RTOS mode: class=CMSIS, group=RTOS, mode=CMSIS_V1, owner=FREERTOS
2025-09-08 19:11:09,864 [INFO] RtosManager:484 - Registered RTOS mode: class=CMSIS, group=RTOS2, mode=CMSIS_V2, owner=FREERTOS
2025-09-08 19:11:09,864 [INFO] RtosManager:484 - Registered RTOS mode: class=RTOS, group=Core, mode=CMSIS_V1, owner=FREERTOS
2025-09-08 19:11:09,864 [INFO] RtosManager:484 - Registered RTOS mode: class=RTOS, group=Core, mode=CMSIS_V2, owner=FREERTOS
2025-09-08 19:11:09,864 [WARN] ModelIntegratedComponent:181 - Missing modes for component STMicroelectronics:FreeRTOS:0.0.1:STMicroelectronics:RTOS:FreeRTOS:Core:::10.2.0:
2025-09-08 19:11:09,865 [WARN] ApiManager:304 - Cannot register API 'Board Extension:STSAFEA1' from pack STMicroelectronics.X-CUBE-SAFEA1.1.2.2: no header file found
2025-09-08 19:11:09,865 [WARN] ApiManager:304 - Cannot register API 'Board Part:STSAFEA110' from pack STMicroelectronics.X-CUBE-SAFEA1.1.2.2: no header file found
2025-09-08 19:11:09,865 [WARN] ApiManager:304 - Cannot register API 'Security:ST_Cryptolib' from pack STMicroelectronics.X-CUBE-SAFEA1.1.2.2: no header file found
2025-09-08 19:11:09,865 [WARN] ApiManager:304 - Cannot register API 'Security:MbedTLS' from pack STMicroelectronics.X-CUBE-SAFEA1.1.2.2: no header file found
2025-09-08 19:11:09,866 [WARN] ApiManager:304 - Cannot register API 'Board Extension:NFC04A1' from pack STMicroelectronics.X-CUBE-NFC4.3.0.0: no header file found
2025-09-08 19:11:09,868 [WARN] ApiManager:304 - Cannot register API 'Board Extension:S2868A1' from pack STMicroelectronics.X-CUBE-SUBG2.5.0.0: no header file found
2025-09-08 19:11:09,868 [WARN] ApiManager:304 - Cannot register API 'Board Extension:S2868A2' from pack STMicroelectronics.X-CUBE-SUBG2.5.0.0: no header file found
2025-09-08 19:11:09,868 [WARN] ApiManager:304 - Cannot register API 'Board Extension:S2915A1' from pack STMicroelectronics.X-CUBE-SUBG2.5.0.0: no header file found
2025-09-08 19:11:09,870 [WARN] ApiManager:304 - Cannot register API 'Wireless:STM32WB05N' from pack STMicroelectronics.X-CUBE-WB05N.2.0.0: no header file found
2025-09-08 19:11:09,876 [WARN] ApiManager:304 - Cannot register API 'Board Extension:NFC07A1' from pack STMicroelectronics.X-CUBE-NFC7.2.0.0: no header file found
2025-09-08 19:11:09,877 [WARN] ApiManager:304 - Cannot register API 'Board Extension:NFC10A1' from pack STMicroelectronics.X-CUBE-NFC10.1.0.0: no header file found
2025-09-08 19:11:09,878 [WARN] ModelIntegratedComponent:60 - No mode defined for component null
2025-09-08 19:11:09,878 [WARN] ModelIntegratedComponent:60 - No mode defined for component null
2025-09-08 19:11:09,878 [WARN] ModelIntegratedComponent:60 - No mode defined for component null
2025-09-08 19:11:09,878 [WARN] ModelIntegratedComponent:60 - No mode defined for component null
2025-09-08 19:11:09,879 [WARN] ModelIntegratedComponent:60 - No mode defined for component null
2025-09-08 19:11:09,879 [WARN] ModelIntegratedComponent:60 - No mode defined for component null
2025-09-08 19:11:09,879 [WARN] ModelIntegratedComponent:60 - No mode defined for component null
2025-09-08 19:11:09,879 [WARN] ModelIntegratedComponent:60 - No mode defined for component null
2025-09-08 19:11:09,879 [WARN] ModelIntegratedComponent:60 - No mode defined for component null
2025-09-08 19:11:09,879 [WARN] ModelIntegratedComponent:60 - No mode defined for component null
2025-09-08 19:11:09,879 [WARN] ModelIntegratedComponent:60 - No mode defined for component null
2025-09-08 19:11:09,879 [WARN] ModelIntegratedComponent:60 - No mode defined for component null
2025-09-08 19:11:09,879 [WARN] ModelIntegratedComponent:60 - No mode defined for component null
2025-09-08 19:11:09,879 [WARN] ModelIntegratedComponent:60 - No mode defined for component null
2025-09-08 19:11:09,879 [WARN] ModelIntegratedComponent:60 - No mode defined for component null
2025-09-08 19:11:09,879 [WARN] ModelIntegratedComponent:60 - No mode defined for component null
2025-09-08 19:11:09,879 [WARN] ModelIntegratedComponent:60 - No mode defined for component null
2025-09-08 19:11:09,879 [WARN] ModelIntegratedComponent:60 - No mode defined for component null
2025-09-08 19:11:09,879 [WARN] ModelIntegratedComponent:60 - No mode defined for component null
2025-09-08 19:11:09,879 [WARN] ModelIntegratedComponent:60 - No mode defined for component null
2025-09-08 19:11:09,879 [WARN] ModelIntegratedComponent:60 - No mode defined for component null
2025-09-08 19:11:09,879 [WARN] ModelIntegratedComponent:60 - No mode defined for component null
2025-09-08 19:11:09,879 [WARN] ModelIntegratedComponent:60 - No mode defined for component null
2025-09-08 19:11:09,879 [WARN] ModelIntegratedComponent:60 - No mode defined for component null
2025-09-08 19:11:09,879 [WARN] ModelIntegratedComponent:60 - No mode defined for component null
2025-09-08 19:11:09,879 [WARN] ModelIntegratedComponent:60 - No mode defined for component null
2025-09-08 19:11:09,879 [WARN] ModelIntegratedComponent:60 - No mode defined for component null
2025-09-08 19:11:09,879 [WARN] ModelIntegratedComponent:60 - No mode defined for component null
2025-09-08 19:11:09,879 [WARN] ModelIntegratedComponent:60 - No mode defined for component null
2025-09-08 19:11:09,879 [WARN] ModelIntegratedComponent:60 - No mode defined for component null
2025-09-08 19:11:09,880 [WARN] ModelIntegratedComponent:60 - No mode defined for component null
2025-09-08 19:11:09,881 [WARN] ApiManager:304 - Cannot register API 'Board Extension:SAFEA1' from pack STMicroelectronics.X-CUBE-STSE01.1.0.0: no header file found
2025-09-08 19:11:09,881 [WARN] ApiManager:304 - Cannot register API 'Board Extension:ESE01A1' from pack STMicroelectronics.X-CUBE-STSE01.1.0.0: no header file found
2025-09-08 19:11:09,881 [WARN] ApiManager:304 - Cannot register API 'Board Part:STSAFEA110' from pack STMicroelectronics.X-CUBE-STSE01.1.0.0: no header file found
2025-09-08 19:11:09,881 [WARN] ApiManager:304 - Cannot register API 'Board Part:STSAFEA120' from pack STMicroelectronics.X-CUBE-STSE01.1.0.0: no header file found
2025-09-08 19:11:09,881 [WARN] ApiManager:304 - Cannot register API 'Security:STM32_Cryptographic' from pack STMicroelectronics.X-CUBE-STSE01.1.0.0: no header file found
2025-09-08 19:11:09,881 [WARN] ApiManager:304 - Cannot register API 'Security:STSELib' from pack STMicroelectronics.X-CUBE-STSE01.1.0.0: no header file found
2025-09-08 19:11:10,032 [WARN] ApiManager:304 - Cannot register API 'Board Extension:IKS01A3' from pack STMicroelectronics.X-CUBE-MEMS1.11.3.0: no header file found
2025-09-08 19:11:10,032 [WARN] ApiManager:304 - Cannot register API 'Board Extension:IKS02A1' from pack STMicroelectronics.X-CUBE-MEMS1.11.3.0: no header file found
2025-09-08 19:11:10,032 [WARN] ApiManager:304 - Cannot register API 'Board Extension:IKS4A1' from pack STMicroelectronics.X-CUBE-MEMS1.11.3.0: no header file found
2025-09-08 19:11:10,040 [WARN] ApiManager:304 - Cannot register API 'Board Extension:S2868A1' from pack STMicroelectronics.X-CUBE-SFXS2LP1.4.0.0: no header file found
2025-09-08 19:11:10,040 [WARN] ApiManager:304 - Cannot register API 'Board Extension:S2868A2' from pack STMicroelectronics.X-CUBE-SFXS2LP1.4.0.0: no header file found
2025-09-08 19:11:10,040 [WARN] ApiManager:304 - Cannot register API 'Board Extension:S2915A1' from pack STMicroelectronics.X-CUBE-SFXS2LP1.4.0.0: no header file found
2025-09-08 19:11:10,041 [WARN] ApiManager:304 - Cannot register API 'Wireless:BlueNRG-2' from pack STMicroelectronics.X-CUBE-BLE2.3.3.0: no header file found
2025-09-08 19:11:11,138 [INFO] UtilMem:74 - End LoadConfig() Used Memory: 514133280 Bytes (638582784)
2025-09-08 19:11:11,139 [WARN] ThirdParty:779 - waiting for thirdparty lock release [change project]
2025-09-08 19:11:11,139 [INFO] ThirdParty:781 - entering critical section [change project]
2025-09-08 19:11:11,139 [INFO] ThirdParty:967 - CMSIS Pack Vendor :STMicroelectronics X-CUBE-PM33A1 1.0.0
2025-09-08 19:11:11,139 [INFO] ThirdParty:967 - CMSIS Pack Vendor :STMicroelectronics X-CUBE-NFC9 1.0.0
2025-09-08 19:11:11,139 [INFO] ThirdParty:967 - CMSIS Pack Vendor :STMicroelectronics USB_HOST 2.0.0
2025-09-08 19:11:11,139 [INFO] ThirdParty:967 - CMSIS Pack Vendor :STMicroelectronics X-CUBE-AZRTOS-F4 1.1.0
2025-09-08 19:11:11,139 [INFO] ThirdParty:967 - CMSIS Pack Vendor :STMicroelectronics FP-ATR-ASTRA1 2.0.2
2025-09-08 19:11:11,139 [INFO] ThirdParty:967 - CMSIS Pack Vendor :wolfSSL I-CUBE-wolfSSL 5.8.2
2025-09-08 19:11:11,139 [INFO] ThirdParty:967 - CMSIS Pack Vendor :STMicroelectronics X-CUBE-BLE1 7.1.0
2025-09-08 19:11:11,139 [INFO] ThirdParty:967 - CMSIS Pack Vendor :wolfSSL I-CUBE-wolfMQTT 1.19.2
2025-09-08 19:11:11,139 [INFO] ThirdParty:967 - CMSIS Pack Vendor :STMicroelectronics USB_DEVICE 3.0.0
2025-09-08 19:11:11,139 [INFO] ThirdParty:967 - CMSIS Pack Vendor :STMicroelectronics X-CUBE-ISPU 2.1.0
2025-09-08 19:11:11,139 [INFO] ThirdParty:967 - CMSIS Pack Vendor :STMicroelectronics X-CUBE-EEPRMA1 5.2.0
2025-09-08 19:11:11,139 [INFO] ThirdParty:967 - CMSIS Pack Vendor :STMicroelectronics X-CUBE-AZRTOS-WB 2.0.0
2025-09-08 19:11:11,139 [INFO] ThirdParty:967 - CMSIS Pack Vendor :STMicroelectronics X-CUBE-GNSS1 7.0.1
2025-09-08 19:11:11,139 [INFO] ThirdParty:967 - CMSIS Pack Vendor :STMicroelectronics X-CUBE-NFC12 1.0.0
2025-09-08 19:11:11,139 [INFO] ThirdParty:967 - CMSIS Pack Vendor :STMicroelectronics X-CUBE-AZRTOS-F7 1.1.0
2025-09-08 19:11:11,139 [INFO] ThirdParty:967 - CMSIS Pack Vendor :STMicroelectronics X-CUBE-AZRTOS-L5 2.0.0
2025-09-08 19:11:11,139 [INFO] ThirdParty:967 - CMSIS Pack Vendor :STMicroelectronics X-CUBE-TOUCHGFX 4.25.0
2025-09-08 19:11:11,139 [INFO] ThirdParty:967 - CMSIS Pack Vendor :STMicroelectronics USB_DEVICE 2.0.0
2025-09-08 19:11:11,139 [INFO] ThirdParty:967 - CMSIS Pack Vendor :STMicroelectronics X-CUBE-NFC6 3.1.0
2025-09-08 19:11:11,139 [INFO] ThirdParty:967 - CMSIS Pack Vendor :STMicroelectronics FreeRTOS 0.0.1
2025-09-08 19:11:11,139 [INFO] ThirdParty:967 - CMSIS Pack Vendor :STMicroelectronics X-CUBE-AZRTOS-G0 1.1.0
2025-09-08 19:11:11,140 [INFO] ThirdParty:967 - CMSIS Pack Vendor :STMicroelectronics X-CUBE-SAFEA1 1.2.2
2025-09-08 19:11:11,140 [INFO] ThirdParty:967 - CMSIS Pack Vendor :STMicroelectronics X-CUBE-NFC4 3.0.0
2025-09-08 19:11:11,140 [INFO] ThirdParty:967 - CMSIS Pack Vendor :STMicroelectronics X-CUBE-SUBG2 5.0.0
2025-09-08 19:11:11,140 [INFO] ThirdParty:967 - CMSIS Pack Vendor :STMicroelectronics X-CUBE-AZRTOS-H7RS 1.1.0
2025-09-08 19:11:11,140 [INFO] ThirdParty:967 - CMSIS Pack Vendor :STMicroelectronics lwIP 2.0.3
2025-09-08 19:11:11,140 [INFO] ThirdParty:967 - CMSIS Pack Vendor :STMicroelectronics USB_HOST 1.0.0
2025-09-08 19:11:11,140 [INFO] ThirdParty:967 - CMSIS Pack Vendor :STMicroelectronics X-CUBE-AZRTOS-G4 2.0.0
2025-09-08 19:11:11,140 [INFO] ThirdParty:967 - CMSIS Pack Vendor :STMicroelectronics X-CUBE-WB05N 2.0.0
2025-09-08 19:11:11,140 [INFO] ThirdParty:967 - CMSIS Pack Vendor :STMicroelectronics PDM2PCM 3.1.0
2025-09-08 19:11:11,140 [INFO] ThirdParty:967 - CMSIS Pack Vendor :STMicroelectronics PDM2PCM 3.3.0
2025-09-08 19:11:11,140 [INFO] ThirdParty:967 - CMSIS Pack Vendor :wolfSSL I-CUBE-wolfTPM 3.8.0
2025-09-08 19:11:11,140 [INFO] ThirdParty:967 - CMSIS Pack Vendor :STMicroelectronics X-CUBE-AZRTOS-H7 3.4.0
2025-09-08 19:11:11,140 [INFO] ThirdParty:967 - CMSIS Pack Vendor :wolfSSL I-CUBE-wolfSSH 1.4.20
2025-09-08 19:11:11,140 [INFO] ThirdParty:967 - CMSIS Pack Vendor :STMicroelectronics X-CUBE-NFC7 2.0.0
2025-09-08 19:11:11,140 [INFO] ThirdParty:967 - CMSIS Pack Vendor :STMicroelectronics FP-ATR-SIGFOX1 3.2.0
2025-09-08 19:11:11,140 [INFO] ThirdParty:967 - CMSIS Pack Vendor :STMicroelectronics X-CUBE-NFC10 1.0.0
2025-09-08 19:11:11,140 [INFO] ThirdParty:967 - CMSIS Pack Vendor :STMicroelectronics HAL Drivers 0.0.0
2025-09-08 19:11:11,140 [INFO] ThirdParty:967 - CMSIS Pack Vendor :STMicroelectronics MBEDTLS 2.16.2
2025-09-08 19:11:11,140 [INFO] ThirdParty:967 - CMSIS Pack Vendor :STMicroelectronics MBEDTLS 2.14.1
2025-09-08 19:11:11,140 [INFO] ThirdParty:967 - CMSIS Pack Vendor :STMicroelectronics X-CUBE-STSE01 1.0.0
2025-09-08 19:11:11,140 [INFO] ThirdParty:967 - CMSIS Pack Vendor :STMicroelectronics X-CUBE-AI 10.2.0
2025-09-08 19:11:11,140 [INFO] ThirdParty:967 - CMSIS Pack Vendor :STMicroelectronics X-CUBE-AZRTOS-WL 2.0.0
2025-09-08 19:11:11,140 [INFO] ThirdParty:967 - CMSIS Pack Vendor :SEGGER I-CUBE-embOS 1.3.1
2025-09-08 19:11:11,140 [INFO] ThirdParty:967 - CMSIS Pack Vendor :STMicroelectronics X-CUBE-ALGOBUILD 1.4.0
2025-09-08 19:11:11,140 [INFO] ThirdParty:967 - CMSIS Pack Vendor :STMicroelectronics X-CUBE-MEMS1 11.3.0
2025-09-08 19:11:11,140 [INFO] ThirdParty:967 - CMSIS Pack Vendor :STMicroelectronics USB_DEVICE 1.0.0
2025-09-08 19:11:11,140 [INFO] ThirdParty:967 - CMSIS Pack Vendor :STMicroelectronics X-CUBE-AZRTOS-L4 2.0.0
2025-09-08 19:11:11,140 [INFO] ThirdParty:967 - CMSIS Pack Vendor :STMicroelectronics ThreadX 0.0.2
2025-09-08 19:11:11,140 [INFO] ThirdParty:967 - CMSIS Pack Vendor :STMicroelectronics lwIP 2.1.2
2025-09-08 19:11:11,140 [INFO] ThirdParty:967 - CMSIS Pack Vendor :STMicroelectronics X-CUBE-SFXS2LP1 4.0.0
2025-09-08 19:11:11,140 [INFO] ThirdParty:967 - CMSIS Pack Vendor :STMicroelectronics X-CUBE-BLE2 3.3.0
2025-09-08 19:11:11,140 [INFO] ThirdParty:967 - CMSIS Pack Vendor :STMicroelectronics PDM2PCM 3.2.0
2025-09-08 19:11:11,140 [INFO] ThirdParty:787 - exiting critical section [change project]
2025-09-08 19:11:11,262 [INFO] PinOutPanel:1463 - setPackage(No Configuration,No Configuration)
2025-09-08 19:11:11,262 [INFO] PinOutPanel:1463 - setPackage(STM32F103C6Ux,UFQFPN48)
2025-09-08 19:11:11,435 [INFO] UtilMem:74 - Before build in PCC Used Memory: 539837656 Bytes (638582784)
2025-09-08 19:11:11,732 [INFO] UtilMem:74 - After build in PCC Used Memory: 543568192 Bytes (638582784)
2025-09-08 19:11:11,745 [INFO] IPUIPlugin:74 - create IPUIPlugin
2025-09-08 19:11:11,746 [INFO] IPUIPlugin:74 - create IPUIPlugin
2025-09-08 19:11:11,746 [INFO] IPUIPlugin:74 - create IPUIPlugin
2025-09-08 19:11:11,746 [INFO] IPUIPlugin:74 - create IPUIPlugin
2025-09-08 19:11:11,746 [INFO] IPUIPlugin:74 - create IPUIPlugin
2025-09-08 19:11:11,746 [INFO] IPUIPlugin:74 - create IPUIPlugin
2025-09-08 19:11:11,746 [INFO] IPUIPlugin:74 - create IPUIPlugin
2025-09-08 19:11:11,746 [INFO] IPUIPlugin:74 - create IPUIPlugin
2025-09-08 19:11:11,746 [INFO] IPUIPlugin:74 - create IPUIPlugin
2025-09-08 19:11:11,746 [INFO] IPUIPlugin:74 - create IPUIPlugin
2025-09-08 19:11:11,746 [INFO] IPUIPlugin:74 - create IPUIPlugin
2025-09-08 19:11:11,747 [INFO] IPUIPlugin:74 - create IPUIPlugin
2025-09-08 19:11:11,747 [INFO] IPUIPlugin:74 - create IPUIPlugin
2025-09-08 19:11:11,747 [INFO] IPUIPlugin:74 - create IPUIPlugin
2025-09-08 19:11:11,747 [INFO] IPUIPlugin:74 - create IPUIPlugin
2025-09-08 19:11:11,747 [INFO] IPUIPlugin:74 - create IPUIPlugin
2025-09-08 19:11:11,747 [INFO] IPUIPlugin:74 - create IPUIPlugin
2025-09-08 19:11:11,747 [INFO] IPUIPlugin:74 - create IPUIPlugin
2025-09-08 19:11:11,747 [INFO] IPUIPlugin:74 - create IPUIPlugin
2025-09-08 19:11:11,748 [INFO] IPUIPlugin:74 - create IPUIPlugin
2025-09-08 19:11:11,748 [INFO] IPUIPlugin:74 - create IPUIPlugin
2025-09-08 19:11:11,748 [INFO] IPUIPlugin:74 - create IPUIPlugin
2025-09-08 19:11:11,748 [INFO] IPUIPlugin:74 - create IPUIPlugin
2025-09-08 19:11:11,817 [INFO] OpenFileManager:333 - Restore cursor
2025-09-08 19:11:11,971 [INFO] UtilMem:74 - End SaveConfig() Used Memory: 538889600 Bytes (638582784)
2025-09-08 19:11:12,000 [INFO] UtilMem:74 - End SaveConfig() Used Memory: 552076280 Bytes (638582784)
2025-09-08 19:11:12,161 [INFO] BlockDiagram:2740 - set Specific Code input for plugin: NVIC
2025-09-08 19:11:12,161 [INFO] BlockDiagram:2740 - set Specific Code input for plugin: SYS
2025-09-08 19:11:12,161 [INFO] BlockDiagram:2740 - set Specific Code input for plugin: RCC
2025-09-08 19:11:12,162 [INFO] CodeGenerator:663 - code generatio: config db path: D:\STM32CubeIDE_1.7.0\STM32CubeIDE\plugins\com.st.stm32cube.common.mx_6.3.0.202107141111\\db\
2025-09-08 19:11:12,337 [INFO] CodeEngine:239 - oldGeneratedFile, D:\GIT_LAB1\LAB1_Exercise\MXTmpFiles\license.tmp_save
2025-09-08 19:11:12,506 [INFO] CodeEngine:257 - Generated code: D:\GIT_LAB1\LAB1_Exercise\MXTmpFiles\license.tmp
2025-09-08 19:11:12,550 [INFO] CodeEngine:239 - oldGeneratedFile, D:\GIT_LAB1\LAB1_Exercise\Core\Src\stm32f1xx_it.c_save
2025-09-08 19:11:12,618 [INFO] CodeEngine:257 - Generated code: D:\GIT_LAB1\LAB1_Exercise\Core\Src\stm32f1xx_it.c
2025-09-08 19:11:12,619 [INFO] CodeEngine:239 - oldGeneratedFile, D:\GIT_LAB1\LAB1_Exercise\Core\Inc\stm32f1xx_it.h_save
2025-09-08 19:11:12,650 [INFO] CodeEngine:257 - Generated code: D:\GIT_LAB1\LAB1_Exercise\Core\Inc\stm32f1xx_it.h
2025-09-08 19:11:12,653 [INFO] CodeEngine:239 - oldGeneratedFile, D:\GIT_LAB1\LAB1_Exercise\Core\Src\stm32f1xx_hal_msp.c_save
2025-09-08 19:11:12,715 [INFO] CodeEngine:257 - Generated code: D:\GIT_LAB1\LAB1_Exercise\Core\Src\stm32f1xx_hal_msp.c
2025-09-08 19:11:12,716 [INFO] CodeEngine:239 - oldGeneratedFile, D:\GIT_LAB1\LAB1_Exercise\MXTmpFiles\system.tmp_save
2025-09-08 19:11:12,752 [INFO] CodeEngine:257 - Generated code: D:\GIT_LAB1\LAB1_Exercise\MXTmpFiles\system.tmp
2025-09-08 19:11:12,756 [INFO] CodeEngine:239 - oldGeneratedFile, D:\GIT_LAB1\LAB1_Exercise\Core\Inc\stm32f1xx_hal_conf.h_save
2025-09-08 19:11:12,833 [INFO] CodeEngine:257 - Generated code: D:\GIT_LAB1\LAB1_Exercise\Core\Inc\stm32f1xx_hal_conf.h
2025-09-08 19:11:12,857 [INFO] CodeEngine:239 - oldGeneratedFile, D:\GIT_LAB1\LAB1_Exercise\Core\Inc\main.h_save
2025-09-08 19:11:12,909 [INFO] CodeEngine:257 - Generated code: D:\GIT_LAB1\LAB1_Exercise\Core\Inc\main.h
2025-09-08 19:11:12,914 [INFO] CodeEngine:239 - oldGeneratedFile, D:\GIT_LAB1\LAB1_Exercise\Core\Src\main.c_save
2025-09-08 19:11:12,976 [INFO] CodeEngine:257 - Generated code: D:\GIT_LAB1\LAB1_Exercise\Core\Src\main.c
2025-09-08 19:11:13,497 [INFO] ProjectBuilder:2578 - Time for Copy HAL[1] : 41mS.
2025-09-08 19:11:13,500 [INFO] ProjectBuilder:3622 - Project Generator version: 3.14.1
2025-09-08 19:11:13,768 [INFO] ConfigFileManager:1271 - The Die is : DIE412
2025-09-08 19:11:13,775 [INFO] ApiDbMcu:468 - Load IP Config File for FATFS
2025-09-08 19:11:13,788 [INFO] ApiDbMcu:468 - Load IP Config File for FREERTOS
2025-09-08 19:11:13,807 [INFO] ApiDbMcu:468 - Load IP Config File for USB_DEVICE
2025-09-08 19:11:15,483 [INFO] ProjectBuilder:3789 - Time for Generating toolchain IDE Files: 1983mS.
2025-09-08 19:11:15,483 [INFO] ProjectBuilder:2457 - Time for Copy CMSIS : 0mS.
2025-09-08 19:11:15,484 [INFO] ProjectBuilder:2457 - Time for Copy CMSIS : 0mS.
2025-09-08 19:11:16,226 [INFO] McuFinderGlobals:52 - Set McuFinderConnectedMode to true
2025-09-08 19:11:16,227 [INFO] ApiDb:276 - Save user favorites file C:\Users\tri/.stm32cubeide/favorites.mcus.txt: 0 item(s)
2025-09-08 19:11:16,227 [INFO] ApiDb:280 - User favorites MCUs=[]
2025-09-08 19:13:47,845 [INFO] UtilMem:74 - End SaveConfig() Used Memory: 897570880 Bytes (1060110336)
2025-09-08 19:13:49,782 [INFO] UtilMem:74 - End SaveConfig() Used Memory: 928680248 Bytes (1060110336)
2025-09-08 19:13:51,999 [INFO] UtilMem:74 - End SaveConfig() Used Memory: 924510912 Bytes (1060110336)
2025-09-08 19:13:52,182 [INFO] BlockDiagram:2740 - set Specific Code input for plugin: NVIC
2025-09-08 19:13:52,182 [INFO] BlockDiagram:2740 - set Specific Code input for plugin: SYS
2025-09-08 19:13:52,182 [INFO] BlockDiagram:2740 - set Specific Code input for plugin: GPIO
2025-09-08 19:13:52,182 [INFO] BlockDiagram:2740 - set Specific Code input for plugin: RCC
2025-09-08 19:13:52,183 [INFO] CodeGenerator:663 - code generatio: config db path: D:\STM32CubeIDE_1.7.0\STM32CubeIDE\plugins\com.st.stm32cube.common.mx_6.3.0.202107141111\\db\
2025-09-08 19:13:52,322 [INFO] CodeEngine:239 - oldGeneratedFile, D:\GIT_LAB1\LAB1_Exercise\MXTmpFiles\license.tmp_save
2025-09-08 19:13:52,373 [INFO] CodeEngine:257 - Generated code: D:\GIT_LAB1\LAB1_Exercise\MXTmpFiles\license.tmp
2025-09-08 19:13:52,388 [INFO] CodeEngine:239 - oldGeneratedFile, D:\GIT_LAB1\LAB1_Exercise\MXTmpFiles\gpio.tmp_save
2025-09-08 19:13:52,431 [INFO] CodeEngine:257 - Generated code: D:\GIT_LAB1\LAB1_Exercise\MXTmpFiles\gpio.tmp
2025-09-08 19:13:52,446 [INFO] CodeEngine:239 - oldGeneratedFile, D:\GIT_LAB1\LAB1_Exercise\Core\Src\stm32f1xx_it.c_save
2025-09-08 19:13:52,502 [INFO] CodeEngine:257 - Generated code: D:\GIT_LAB1\LAB1_Exercise\Core\Src\stm32f1xx_it.c
2025-09-08 19:13:52,506 [INFO] CodeEngine:239 - oldGeneratedFile, D:\GIT_LAB1\LAB1_Exercise\Core\Inc\stm32f1xx_it.h_save
2025-09-08 19:13:52,752 [INFO] CodeEngine:257 - Generated code: D:\GIT_LAB1\LAB1_Exercise\Core\Inc\stm32f1xx_it.h
2025-09-08 19:13:52,762 [INFO] CodeEngine:239 - oldGeneratedFile, D:\GIT_LAB1\LAB1_Exercise\Core\Src\stm32f1xx_hal_msp.c_save
2025-09-08 19:13:52,806 [INFO] CodeEngine:257 - Generated code: D:\GIT_LAB1\LAB1_Exercise\Core\Src\stm32f1xx_hal_msp.c
2025-09-08 19:13:52,807 [INFO] CodeEngine:239 - oldGeneratedFile, D:\GIT_LAB1\LAB1_Exercise\MXTmpFiles\system.tmp_save
2025-09-08 19:13:52,834 [INFO] CodeEngine:257 - Generated code: D:\GIT_LAB1\LAB1_Exercise\MXTmpFiles\system.tmp
2025-09-08 19:13:52,843 [INFO] CodeEngine:239 - oldGeneratedFile, D:\GIT_LAB1\LAB1_Exercise\Core\Inc\stm32f1xx_hal_conf.h_save
2025-09-08 19:13:52,896 [INFO] CodeEngine:257 - Generated code: D:\GIT_LAB1\LAB1_Exercise\Core\Inc\stm32f1xx_hal_conf.h
2025-09-08 19:13:52,916 [INFO] CodeEngine:239 - oldGeneratedFile, D:\GIT_LAB1\LAB1_Exercise\Core\Inc\main.h_save
2025-09-08 19:13:52,956 [INFO] CodeEngine:257 - Generated code: D:\GIT_LAB1\LAB1_Exercise\Core\Inc\main.h
2025-09-08 19:13:52,966 [INFO] CodeEngine:239 - oldGeneratedFile, D:\GIT_LAB1\LAB1_Exercise\Core\Src\main.c_save
2025-09-08 19:13:53,022 [INFO] CodeEngine:257 - Generated code: D:\GIT_LAB1\LAB1_Exercise\Core\Src\main.c
2025-09-08 19:13:53,435 [INFO] ProjectBuilder:2578 - Time for Copy HAL[1] : 31mS.
2025-09-08 19:13:53,436 [INFO] ProjectBuilder:3622 - Project Generator version: 3.14.1
2025-09-08 19:13:53,858 [INFO] ConfigFileManager:1271 - The Die is : DIE412
2025-09-08 19:13:54,938 [INFO] ProjectBuilder:3789 - Time for Generating toolchain IDE Files: 1502mS.
2025-09-08 19:13:54,938 [INFO] ProjectBuilder:2457 - Time for Copy CMSIS : 0mS.
2025-09-08 19:13:54,939 [INFO] ProjectBuilder:2457 - Time for Copy CMSIS : 0mS.
2025-09-08 19:26:07,887 [INFO] UtilMem:74 - End SaveConfig() Used Memory: 937151632 Bytes (1073741824)
2025-09-08 19:26:09,029 [INFO] UtilMem:74 - End SaveConfig() Used Memory: 963585496 Bytes (1073741824)
2025-09-08 19:26:11,966 [INFO] UtilMem:74 - End SaveConfig() Used Memory: 958696208 Bytes (1073741824)
2025-09-08 19:26:12,101 [INFO] BlockDiagram:2740 - set Specific Code input for plugin: NVIC
2025-09-08 19:26:12,102 [INFO] BlockDiagram:2740 - set Specific Code input for plugin: SYS
2025-09-08 19:26:12,102 [INFO] BlockDiagram:2740 - set Specific Code input for plugin: GPIO
2025-09-08 19:26:12,102 [INFO] BlockDiagram:2740 - set Specific Code input for plugin: RCC
2025-09-08 19:26:12,102 [INFO] CodeGenerator:663 - code generatio: config db path: D:\STM32CubeIDE_1.7.0\STM32CubeIDE\plugins\com.st.stm32cube.common.mx_6.3.0.202107141111\\db\
2025-09-08 19:26:12,255 [INFO] CodeEngine:239 - oldGeneratedFile, D:\GIT_LAB1\LAB1_Exercise\MXTmpFiles\license.tmp_save
2025-09-08 19:26:12,296 [INFO] CodeEngine:257 - Generated code: D:\GIT_LAB1\LAB1_Exercise\MXTmpFiles\license.tmp
2025-09-08 19:26:12,302 [INFO] CodeEngine:239 - oldGeneratedFile, D:\GIT_LAB1\LAB1_Exercise\MXTmpFiles\gpio.tmp_save
2025-09-08 19:26:12,345 [INFO] CodeEngine:257 - Generated code: D:\GIT_LAB1\LAB1_Exercise\MXTmpFiles\gpio.tmp
2025-09-08 19:26:12,361 [INFO] CodeEngine:239 - oldGeneratedFile, D:\GIT_LAB1\LAB1_Exercise\Core\Src\stm32f1xx_it.c_save
2025-09-08 19:26:12,412 [INFO] CodeEngine:257 - Generated code: D:\GIT_LAB1\LAB1_Exercise\Core\Src\stm32f1xx_it.c
2025-09-08 19:26:12,414 [INFO] CodeEngine:239 - oldGeneratedFile, D:\GIT_LAB1\LAB1_Exercise\Core\Inc\stm32f1xx_it.h_save
2025-09-08 19:26:12,445 [INFO] CodeEngine:257 - Generated code: D:\GIT_LAB1\LAB1_Exercise\Core\Inc\stm32f1xx_it.h
2025-09-08 19:26:12,459 [INFO] CodeEngine:239 - oldGeneratedFile, D:\GIT_LAB1\LAB1_Exercise\Core\Src\stm32f1xx_hal_msp.c_save
2025-09-08 19:26:12,504 [INFO] CodeEngine:257 - Generated code: D:\GIT_LAB1\LAB1_Exercise\Core\Src\stm32f1xx_hal_msp.c
2025-09-08 19:26:12,505 [INFO] CodeEngine:239 - oldGeneratedFile, D:\GIT_LAB1\LAB1_Exercise\MXTmpFiles\system.tmp_save
2025-09-08 19:26:12,547 [INFO] CodeEngine:257 - Generated code: D:\GIT_LAB1\LAB1_Exercise\MXTmpFiles\system.tmp
2025-09-08 19:26:12,556 [INFO] CodeEngine:239 - oldGeneratedFile, D:\GIT_LAB1\LAB1_Exercise\Core\Inc\stm32f1xx_hal_conf.h_save
2025-09-08 19:26:12,610 [INFO] CodeEngine:257 - Generated code: D:\GIT_LAB1\LAB1_Exercise\Core\Inc\stm32f1xx_hal_conf.h
2025-09-08 19:26:12,631 [INFO] CodeEngine:239 - oldGeneratedFile, D:\GIT_LAB1\LAB1_Exercise\Core\Inc\main.h_save
2025-09-08 19:26:12,680 [INFO] CodeEngine:257 - Generated code: D:\GIT_LAB1\LAB1_Exercise\Core\Inc\main.h
2025-09-08 19:26:12,688 [INFO] CodeEngine:239 - oldGeneratedFile, D:\GIT_LAB1\LAB1_Exercise\Core\Src\main.c_save
2025-09-08 19:26:12,762 [INFO] CodeEngine:257 - Generated code: D:\GIT_LAB1\LAB1_Exercise\Core\Src\main.c
2025-09-08 19:26:13,358 [INFO] ProjectBuilder:2578 - Time for Copy HAL[1] : 28mS.
2025-09-08 19:26:13,359 [INFO] ProjectBuilder:3622 - Project Generator version: 3.14.1
2025-09-08 19:26:13,593 [INFO] ConfigFileManager:1271 - The Die is : DIE412
2025-09-08 19:26:14,776 [INFO] ProjectBuilder:3789 - Time for Generating toolchain IDE Files: 1417mS.
2025-09-08 19:26:14,776 [INFO] ProjectBuilder:2457 - Time for Copy CMSIS : 0mS.
2025-09-08 19:26:14,777 [INFO] ProjectBuilder:2457 - Time for Copy CMSIS : 0mS.
